// Jest Snapshot v1, https://goo.gl/fbAQLP

exports[`Home Page 1`] = `
<Chart
  seed="480829"
>
  <div
    className="view"
  >
    <svg
      height={768}
      onClick={[Function]}
      width={1024}
    >
      <defs>
        <Filter>
          <filter
            height="500%"
            id="sofGlow"
            width="500%"
            x="-200%"
            y="-200%"
          >
            <feMorphology
              in="SourceAlpha"
              operator="dilate"
              radius="1"
              result="thicken"
            />
            <feGaussianBlur
              in="thicken"
              result="blurred"
              stdDeviation="2"
            />
            <feFlood
              floodColor="rgb(255,255,255)"
              result="glowColor"
            />
            <feComposite
              in="glowColor"
              in2="blurred"
              operator="in"
              result="softGlow_colored"
            />
            <feMerge>
              <feMergeNode
                in="softGlow_colored"
              />
              <feMergeNode
                in="SourceGraphic"
              />
            </feMerge>
          </filter>
        </Filter>
      </defs>
      <g
        filter="url(#sofGlow)"
        key="wFb@u6CoW["
      >
        <line
          stroke="black"
          strokeWidth="3"
          x1={732.4}
          x2={952}
          y1={82.80000000000001}
          y2={51.2}
        />
        <circle
          cx={732.4}
          cy={82.80000000000001}
          fill="#000"
          filter="url(#sofGlow)"
          r={5}
        />
      </g>
      <g
        filter="url(#sofGlow)"
        key="is3r;.O67b"
      >
        <line
          stroke="black"
          strokeWidth="3"
          x1={840.4}
          x2={992}
          y1={98.80000000000001}
          y2={102.4}
        />
        <circle
          cx={840.4}
          cy={98.80000000000001}
          fill="#000"
          filter="url(#sofGlow)"
          r={5}
        />
      </g>
      <g
        filter="url(#sofGlow)"
        key=";n$\`WKxF[6"
      >
        <line
          stroke="black"
          strokeWidth="3"
          x1={740.4}
          x2={896}
          y1={111.80000000000001}
          y2={153.60000000000002}
        />
        <circle
          cx={740.4}
          cy={111.80000000000001}
          fill="#000"
          filter="url(#sofGlow)"
          r={5}
        />
      </g>
      <g
        filter="url(#sofGlow)"
        key="F4h.it<?\\\\\`"
      >
        <line
          stroke="black"
          strokeWidth="3"
          x1={871.4}
          x2={972}
          y1={149.8}
          y2={204.8}
        />
        <circle
          cx={871.4}
          cy={149.8}
          fill="#000"
          filter="url(#sofGlow)"
          r={5}
        />
      </g>
      <g
        filter="url(#sofGlow)"
        key="\\"ruq(0#=nn"
      >
        <line
          stroke="black"
          strokeWidth="3"
          x1={616.4}
          x2={968}
          y1={93.80000000000001}
          y2={256}
        />
        <circle
          cx={616.4}
          cy={93.80000000000001}
          fill="#000"
          filter="url(#sofGlow)"
          r={5}
        />
      </g>
      <g
        filter="url(#sofGlow)"
        key="\`bQA:khP9S"
      >
        <line
          stroke="black"
          strokeWidth="3"
          x1={731.4}
          x2={924}
          y1={163.8}
          y2={307.20000000000005}
        />
        <circle
          cx={731.4}
          cy={163.8}
          fill="#000"
          filter="url(#sofGlow)"
          r={5}
        />
      </g>
      <g
        filter="url(#sofGlow)"
        key="y[Nef|fyiV"
      >
        <line
          stroke="black"
          strokeWidth="3"
          x1={448.4}
          x2={32}
          y1={173.8}
          y2={69.81818181818181}
        />
        <circle
          cx={448.4}
          cy={173.8}
          fill="#000"
          filter="url(#sofGlow)"
          r={5}
        />
      </g>
      <g
        filter="url(#sofGlow)"
        key="9.\\\\pwcsW'\\\\"
      >
        <line
          stroke="black"
          strokeWidth="3"
          x1={446.4}
          x2={12}
          y1={206.8}
          y2={139.63636363636363}
        />
        <circle
          cx={446.4}
          cy={206.8}
          fill="#000"
          filter="url(#sofGlow)"
          r={5}
        />
      </g>
      <g
        filter="url(#sofGlow)"
        key="\`2Rd>&?ZD%"
      >
        <line
          stroke="black"
          strokeWidth="3"
          x1={539.4}
          x2={924}
          y1={213.8}
          y2={358.40000000000003}
        />
        <circle
          cx={539.4}
          cy={213.8}
          fill="#000"
          filter="url(#sofGlow)"
          r={5}
        />
      </g>
      <g
        filter="url(#sofGlow)"
        key="]wwbXgrOUN"
      >
        <line
          stroke="black"
          strokeWidth="3"
          x1={760.4}
          x2={916}
          y1={323.8}
          y2={409.6}
        />
        <circle
          cx={760.4}
          cy={323.8}
          fill="#000"
          filter="url(#sofGlow)"
          r={5}
        />
      </g>
      <g
        filter="url(#sofGlow)"
        key="YbO.^=<%1!"
      >
        <line
          stroke="black"
          strokeWidth="3"
          x1={389.4}
          x2={100}
          y1={272.8}
          y2={209.45454545454544}
        />
        <circle
          cx={389.4}
          cy={272.8}
          fill="#000"
          filter="url(#sofGlow)"
          r={5}
        />
      </g>
      <g
        filter="url(#sofGlow)"
        key="hN7-?vbJ]6"
      >
        <line
          stroke="black"
          strokeWidth="3"
          x1={583.4}
          x2={876}
          y1={269.8}
          y2={460.8}
        />
        <circle
          cx={583.4}
          cy={269.8}
          fill="#000"
          filter="url(#sofGlow)"
          r={5}
        />
      </g>
      <g
        filter="url(#sofGlow)"
        key="\\\\[NwNgr{]w"
      >
        <line
          stroke="black"
          strokeWidth="3"
          x1={600.4}
          x2={956}
          y1={318.8}
          y2={512}
        />
        <circle
          cx={600.4}
          cy={318.8}
          fill="#000"
          filter="url(#sofGlow)"
          r={5}
        />
      </g>
      <g
        filter="url(#sofGlow)"
        key=")'Z9kP(0*5"
      >
        <line
          stroke="black"
          strokeWidth="3"
          x1={508.4}
          x2={48}
          y1={358.8}
          y2={279.27272727272725}
        />
        <circle
          cx={508.4}
          cy={358.8}
          fill="#000"
          filter="url(#sofGlow)"
          r={5}
        />
      </g>
      <g
        filter="url(#sofGlow)"
        key="AL{;[T&x4'"
      >
        <line
          stroke="black"
          strokeWidth="3"
          x1={664.4}
          x2={1008}
          y1={395.8}
          y2={563.2}
        />
        <circle
          cx={664.4}
          cy={395.8}
          fill="#000"
          filter="url(#sofGlow)"
          r={5}
        />
      </g>
      <g
        filter="url(#sofGlow)"
        key="b(\`QS\\\\gF7j"
      >
        <line
          stroke="black"
          strokeWidth="3"
          x1={274.4}
          x2={48}
          y1={394.8}
          y2={349.09090909090907}
        />
        <circle
          cx={274.4}
          cy={394.8}
          fill="#000"
          filter="url(#sofGlow)"
          r={5}
        />
      </g>
      <g
        filter="url(#sofGlow)"
        key="eaO;Z]lN\\"\\""
      >
        <line
          stroke="black"
          strokeWidth="3"
          x1={728.4}
          x2={936}
          y1={445.8}
          y2={614.4000000000001}
        />
        <circle
          cx={728.4}
          cy={445.8}
          fill="#000"
          filter="url(#sofGlow)"
          r={5}
        />
      </g>
      <g
        filter="url(#sofGlow)"
        key="1uq/Mq7Fb*"
      >
        <line
          stroke="black"
          strokeWidth="3"
          x1={526.4}
          x2={1012}
          y1={360.8}
          y2={665.6}
        />
        <circle
          cx={526.4}
          cy={360.8}
          fill="#000"
          filter="url(#sofGlow)"
          r={5}
        />
      </g>
      <g
        filter="url(#sofGlow)"
        key="rF{[$3KSMv"
      >
        <line
          stroke="black"
          strokeWidth="3"
          x1={281.4}
          x2={80}
          y1={464.8}
          y2={418.9090909090909}
        />
        <circle
          cx={281.4}
          cy={464.8}
          fill="#000"
          filter="url(#sofGlow)"
          r={5}
        />
      </g>
      <g
        filter="url(#sofGlow)"
        key=";ctqH>%oim"
      >
        <line
          stroke="black"
          strokeWidth="3"
          x1={302.4}
          x2={120}
          y1={483.8}
          y2={488.7272727272727}
        />
        <circle
          cx={302.4}
          cy={483.8}
          fill="#000"
          filter="url(#sofGlow)"
          r={5}
        />
      </g>
      <g
        filter="url(#sofGlow)"
        key="^mzAmh_\`0\\""
      >
        <line
          stroke="black"
          strokeWidth="3"
          x1={319.4}
          x2={112}
          y1={540.8}
          y2={558.5454545454545}
        />
        <circle
          cx={319.4}
          cy={540.8}
          fill="#000"
          filter="url(#sofGlow)"
          r={5}
        />
      </g>
      <g
        filter="url(#sofGlow)"
        key="s6<Zd\\\\\\\\,B*"
      >
        <line
          stroke="black"
          strokeWidth="3"
          x1={569.4}
          x2={964}
          y1={583.8}
          y2={716.8000000000001}
        />
        <circle
          cx={569.4}
          cy={583.8}
          fill="#000"
          filter="url(#sofGlow)"
          r={5}
        />
      </g>
      <g
        filter="url(#sofGlow)"
        key="D26eR]EfPd"
      >
        <line
          stroke="black"
          strokeWidth="3"
          x1={177.4}
          x2={144}
          y1={603.8}
          y2={628.3636363636363}
        />
        <circle
          cx={177.4}
          cy={603.8}
          fill="#000"
          filter="url(#sofGlow)"
          r={5}
        />
      </g>
      <g
        filter="url(#sofGlow)"
        key="q\\"x1d\\"tM/q"
      >
        <line
          stroke="black"
          strokeWidth="3"
          x1={112.4}
          x2={88}
          y1={662.8}
          y2={698.1818181818181}
        />
        <circle
          cx={112.4}
          cy={662.8}
          fill="#000"
          filter="url(#sofGlow)"
          r={5}
        />
      </g>
    </svg>
    <div
      className="label right"
      key="wFb@u6CoW["
      style={
        Object {
          "left": 952,
          "top": 51.2,
          "width": 57,
        }
      }
    >
      Lorem labore magna
    </div>
    <div
      className="label right"
      key="is3r;.O67b"
      style={
        Object {
          "left": 992,
          "top": 102.4,
          "width": 17,
        }
      }
    >
      Proident
    </div>
    <div
      className="label right"
      key=";n$\`WKxF[6"
      style={
        Object {
          "left": 896,
          "top": 153.60000000000002,
          "width": 113,
        }
      }
    >
      Deserunt deserunt consequat sunt
    </div>
    <div
      className="label right"
      key="F4h.it<?\\\\\`"
      style={
        Object {
          "left": 972,
          "top": 204.8,
          "width": 37,
        }
      }
    >
      Consequat qui
    </div>
    <div
      className="label right"
      key="\\"ruq(0#=nn"
      style={
        Object {
          "left": 968,
          "top": 256,
          "width": 41,
        }
      }
    >
      Velit non sunt
    </div>
    <div
      className="label right"
      key="\`bQA:khP9S"
      style={
        Object {
          "left": 924,
          "top": 307.20000000000005,
          "width": 85,
        }
      }
    >
      Adipisicing commodo velit
    </div>
    <div
      className="label left"
      key="y[Nef|fyiV"
      style={
        Object {
          "left": 0,
          "top": 69.81818181818181,
          "width": 17,
        }
      }
    >
      Velit ea
    </div>
    <div
      className="label left"
      key="9.\\\\pwcsW'\\\\"
      style={
        Object {
          "left": 0,
          "top": 139.63636363636363,
          "width": -3,
        }
      }
    >
      Qui
    </div>
    <div
      className="label right"
      key="\`2Rd>&?ZD%"
      style={
        Object {
          "left": 924,
          "top": 358.40000000000003,
          "width": 85,
        }
      }
    >
      Amet pariatur est officia
    </div>
    <div
      className="label right"
      key="]wwbXgrOUN"
      style={
        Object {
          "left": 916,
          "top": 409.6,
          "width": 93,
        }
      }
    >
      Quis consectetur nisi Lorem
    </div>
    <div
      className="label left"
      key="YbO.^=<%1!"
      style={
        Object {
          "left": 0,
          "top": 209.45454545454544,
          "width": 85,
        }
      }
    >
      Cupidatat dolor eu tempor
    </div>
    <div
      className="label right"
      key="hN7-?vbJ]6"
      style={
        Object {
          "left": 876,
          "top": 460.8,
          "width": 133,
        }
      }
    >
      Deserunt sunt consequat reprehenderit
    </div>
    <div
      className="label right"
      key="\\\\[NwNgr{]w"
      style={
        Object {
          "left": 956,
          "top": 512,
          "width": 53,
        }
      }
    >
      Est sint deserunt
    </div>
    <div
      className="label left"
      key=")'Z9kP(0*5"
      style={
        Object {
          "left": 0,
          "top": 279.27272727272725,
          "width": 33,
        }
      }
    >
      Quis nostrud
    </div>
    <div
      className="label right"
      key="AL{;[T&x4'"
      style={
        Object {
          "left": 1008,
          "top": 563.2,
          "width": 1,
        }
      }
    >
      Amet
    </div>
    <div
      className="label left"
      key="b(\`QS\\\\gF7j"
      style={
        Object {
          "left": 0,
          "top": 349.09090909090907,
          "width": 33,
        }
      }
    >
      Amet commodo
    </div>
    <div
      className="label right"
      key="eaO;Z]lN\\"\\""
      style={
        Object {
          "left": 936,
          "top": 614.4000000000001,
          "width": 73,
        }
      }
    >
      Incididunt ipsum Lorem
    </div>
    <div
      className="label right"
      key="1uq/Mq7Fb*"
      style={
        Object {
          "left": 1012,
          "top": 665.6,
          "width": -3,
        }
      }
    >
      Do
    </div>
    <div
      className="label left"
      key="rF{[$3KSMv"
      style={
        Object {
          "left": 0,
          "top": 418.9090909090909,
          "width": 65,
        }
      }
    >
      Ex est commodo magna
    </div>
    <div
      className="label left"
      key=";ctqH>%oim"
      style={
        Object {
          "left": 0,
          "top": 488.7272727272727,
          "width": 105,
        }
      }
    >
      Excepteur ullamco minim cillum
    </div>
    <div
      className="label left"
      key="^mzAmh_\`0\\""
      style={
        Object {
          "left": 0,
          "top": 558.5454545454545,
          "width": 97,
        }
      }
    >
      Commodo Lorem consequat elit
    </div>
    <div
      className="label right"
      key="s6<Zd\\\\\\\\,B*"
      style={
        Object {
          "left": 964,
          "top": 716.8000000000001,
          "width": 45,
        }
      }
    >
      Magna consequat
    </div>
    <div
      className="label left"
      key="D26eR]EfPd"
      style={
        Object {
          "left": 0,
          "top": 628.3636363636363,
          "width": 129,
        }
      }
    >
      Velit reprehenderit sunt adipisicing
    </div>
    <div
      className="label left"
      key="q\\"x1d\\"tM/q"
      style={
        Object {
          "left": 0,
          "top": 698.1818181818181,
          "width": 73,
        }
      }
    >
      Fugiat laborum nostrud
    </div>
  </div>
</Chart>
`;
