// Jest Snapshot v1, https://goo.gl/fbAQLP

exports[`Home Page 1`] = `
<Chart
  seed="480829"
>
  <div
    className="view"
  >
    <svg
      height={768}
      onClick={[Function]}
      width={1024}
    >
      <defs>
        <Filter>
          <filter
            height="500%"
            id="sofGlow"
            width="500%"
            x="-200%"
            y="-200%"
          >
            <feMorphology
              in="SourceAlpha"
              operator="dilate"
              radius="1"
              result="thicken"
            />
            <feGaussianBlur
              in="thicken"
              result="blurred"
              stdDeviation="2"
            />
            <feFlood
              floodColor="rgb(255,255,255)"
              result="glowColor"
            />
            <feComposite
              in="glowColor"
              in2="blurred"
              operator="in"
              result="softGlow_colored"
            />
            <feMerge>
              <feMergeNode
                in="softGlow_colored"
              />
              <feMergeNode
                in="SourceGraphic"
              />
            </feMerge>
          </filter>
        </Filter>
      </defs>
      <g
        filter="url(#sofGlow)"
        key="^mzAmh_\`0\\""
      >
        <circle
          cx={319.4}
          cy={540.8}
          fill="#000"
          filter="url(#sofGlow)"
          key="^mzAmh_\`0\\""
          name="Commodo Lorem consequat elit"
          r={5}
          tx={512}
          ty={384}
        />
        <line
          stroke="black"
          strokeWidth="3"
          x1={319.4}
          x2={512}
          y1={540.8}
          y2={384}
        />
      </g>
      <g
        filter="url(#sofGlow)"
        key="]wwbXgrOUN"
      >
        <circle
          cx={760.4}
          cy={323.8}
          fill="#000"
          filter="url(#sofGlow)"
          key="]wwbXgrOUN"
          name="Quis consectetur nisi Lorem"
          r={5}
          tx={512}
          ty={384}
        />
        <line
          stroke="black"
          strokeWidth="3"
          x1={760.4}
          x2={512}
          y1={323.8}
          y2={384}
        />
      </g>
      <g
        filter="url(#sofGlow)"
        key="wFb@u6CoW["
      >
        <circle
          cx={732.4}
          cy={82.80000000000001}
          fill="#000"
          filter="url(#sofGlow)"
          key="wFb@u6CoW["
          name="Lorem labore magna"
          r={5}
          tx={512}
          ty={384}
        />
        <line
          stroke="black"
          strokeWidth="3"
          x1={732.4}
          x2={512}
          y1={82.80000000000001}
          y2={384}
        />
      </g>
      <g
        filter="url(#sofGlow)"
        key="\\"ruq(0#=nn"
      >
        <circle
          cx={616.4}
          cy={93.80000000000001}
          fill="#000"
          filter="url(#sofGlow)"
          key="\\"ruq(0#=nn"
          name="Velit non sunt"
          r={5}
          tx={512}
          ty={384}
        />
        <line
          stroke="black"
          strokeWidth="3"
          x1={616.4}
          x2={512}
          y1={93.80000000000001}
          y2={384}
        />
      </g>
      <g
        filter="url(#sofGlow)"
        key="D26eR]EfPd"
      >
        <circle
          cx={177.4}
          cy={603.8}
          fill="#000"
          filter="url(#sofGlow)"
          key="D26eR]EfPd"
          name="Velit reprehenderit sunt adipisicing"
          r={5}
          tx={512}
          ty={384}
        />
        <line
          stroke="black"
          strokeWidth="3"
          x1={177.4}
          x2={512}
          y1={603.8}
          y2={384}
        />
      </g>
      <g
        filter="url(#sofGlow)"
        key="AL{;[T&x4'"
      >
        <circle
          cx={664.4}
          cy={395.8}
          fill="#000"
          filter="url(#sofGlow)"
          key="AL{;[T&x4'"
          name="Amet"
          r={5}
          tx={512}
          ty={384}
        />
        <line
          stroke="black"
          strokeWidth="3"
          x1={664.4}
          x2={512}
          y1={395.8}
          y2={384}
        />
      </g>
      <g
        filter="url(#sofGlow)"
        key="\`2Rd>&?ZD%"
      >
        <circle
          cx={539.4}
          cy={213.8}
          fill="#000"
          filter="url(#sofGlow)"
          key="\`2Rd>&?ZD%"
          name="Amet pariatur est officia"
          r={5}
          tx={512}
          ty={384}
        />
        <line
          stroke="black"
          strokeWidth="3"
          x1={539.4}
          x2={512}
          y1={213.8}
          y2={384}
        />
      </g>
      <g
        filter="url(#sofGlow)"
        key="1uq/Mq7Fb*"
      >
        <circle
          cx={526.4}
          cy={360.8}
          fill="#000"
          filter="url(#sofGlow)"
          key="1uq/Mq7Fb*"
          name="Do"
          r={5}
          tx={512}
          ty={384}
        />
        <line
          stroke="black"
          strokeWidth="3"
          x1={526.4}
          x2={512}
          y1={360.8}
          y2={384}
        />
      </g>
      <g
        filter="url(#sofGlow)"
        key="q\\"x1d\\"tM/q"
      >
        <circle
          cx={112.4}
          cy={662.8}
          fill="#000"
          filter="url(#sofGlow)"
          key="q\\"x1d\\"tM/q"
          name="Fugiat laborum nostrud"
          r={5}
          tx={512}
          ty={384}
        />
        <line
          stroke="black"
          strokeWidth="3"
          x1={112.4}
          x2={512}
          y1={662.8}
          y2={384}
        />
      </g>
      <g
        filter="url(#sofGlow)"
        key="eaO;Z]lN\\"\\""
      >
        <circle
          cx={728.4}
          cy={445.8}
          fill="#000"
          filter="url(#sofGlow)"
          key="eaO;Z]lN\\"\\""
          name="Incididunt ipsum Lorem"
          r={5}
          tx={512}
          ty={384}
        />
        <line
          stroke="black"
          strokeWidth="3"
          x1={728.4}
          x2={512}
          y1={445.8}
          y2={384}
        />
      </g>
      <g
        filter="url(#sofGlow)"
        key="b(\`QS\\\\gF7j"
      >
        <circle
          cx={274.4}
          cy={394.8}
          fill="#000"
          filter="url(#sofGlow)"
          key="b(\`QS\\\\gF7j"
          name="Amet commodo"
          r={5}
          tx={512}
          ty={384}
        />
        <line
          stroke="black"
          strokeWidth="3"
          x1={274.4}
          x2={512}
          y1={394.8}
          y2={384}
        />
      </g>
      <g
        filter="url(#sofGlow)"
        key=";n$\`WKxF[6"
      >
        <circle
          cx={740.4}
          cy={111.80000000000001}
          fill="#000"
          filter="url(#sofGlow)"
          key=";n$\`WKxF[6"
          name="Deserunt deserunt consequat sunt"
          r={5}
          tx={512}
          ty={384}
        />
        <line
          stroke="black"
          strokeWidth="3"
          x1={740.4}
          x2={512}
          y1={111.80000000000001}
          y2={384}
        />
      </g>
      <g
        filter="url(#sofGlow)"
        key="y[Nef|fyiV"
      >
        <circle
          cx={448.4}
          cy={173.8}
          fill="#000"
          filter="url(#sofGlow)"
          key="y[Nef|fyiV"
          name="Velit ea"
          r={5}
          tx={512}
          ty={384}
        />
        <line
          stroke="black"
          strokeWidth="3"
          x1={448.4}
          x2={512}
          y1={173.8}
          y2={384}
        />
      </g>
      <g
        filter="url(#sofGlow)"
        key=";ctqH>%oim"
      >
        <circle
          cx={302.4}
          cy={483.8}
          fill="#000"
          filter="url(#sofGlow)"
          key=";ctqH>%oim"
          name="Excepteur ullamco minim cillum"
          r={5}
          tx={512}
          ty={384}
        />
        <line
          stroke="black"
          strokeWidth="3"
          x1={302.4}
          x2={512}
          y1={483.8}
          y2={384}
        />
      </g>
      <g
        filter="url(#sofGlow)"
        key=")'Z9kP(0*5"
      >
        <circle
          cx={508.4}
          cy={358.8}
          fill="#000"
          filter="url(#sofGlow)"
          key=")'Z9kP(0*5"
          name="Quis nostrud"
          r={5}
          tx={512}
          ty={384}
        />
        <line
          stroke="black"
          strokeWidth="3"
          x1={508.4}
          x2={512}
          y1={358.8}
          y2={384}
        />
      </g>
      <g
        filter="url(#sofGlow)"
        key="9.\\\\pwcsW'\\\\"
      >
        <circle
          cx={446.4}
          cy={206.8}
          fill="#000"
          filter="url(#sofGlow)"
          key="9.\\\\pwcsW'\\\\"
          name="Qui"
          r={5}
          tx={512}
          ty={384}
        />
        <line
          stroke="black"
          strokeWidth="3"
          x1={446.4}
          x2={512}
          y1={206.8}
          y2={384}
        />
      </g>
      <g
        filter="url(#sofGlow)"
        key="rF{[$3KSMv"
      >
        <circle
          cx={281.4}
          cy={464.8}
          fill="#000"
          filter="url(#sofGlow)"
          key="rF{[$3KSMv"
          name="Ex est commodo magna"
          r={5}
          tx={512}
          ty={384}
        />
        <line
          stroke="black"
          strokeWidth="3"
          x1={281.4}
          x2={512}
          y1={464.8}
          y2={384}
        />
      </g>
      <g
        filter="url(#sofGlow)"
        key="F4h.it<?\\\\\`"
      >
        <circle
          cx={871.4}
          cy={149.8}
          fill="#000"
          filter="url(#sofGlow)"
          key="F4h.it<?\\\\\`"
          name="Consequat qui"
          r={5}
          tx={512}
          ty={384}
        />
        <line
          stroke="black"
          strokeWidth="3"
          x1={871.4}
          x2={512}
          y1={149.8}
          y2={384}
        />
      </g>
      <g
        filter="url(#sofGlow)"
        key="\\\\[NwNgr{]w"
      >
        <circle
          cx={600.4}
          cy={318.8}
          fill="#000"
          filter="url(#sofGlow)"
          key="\\\\[NwNgr{]w"
          name="Est sint deserunt"
          r={5}
          tx={512}
          ty={384}
        />
        <line
          stroke="black"
          strokeWidth="3"
          x1={600.4}
          x2={512}
          y1={318.8}
          y2={384}
        />
      </g>
      <g
        filter="url(#sofGlow)"
        key="YbO.^=<%1!"
      >
        <circle
          cx={389.4}
          cy={272.8}
          fill="#000"
          filter="url(#sofGlow)"
          key="YbO.^=<%1!"
          name="Cupidatat dolor eu tempor"
          r={5}
          tx={512}
          ty={384}
        />
        <line
          stroke="black"
          strokeWidth="3"
          x1={389.4}
          x2={512}
          y1={272.8}
          y2={384}
        />
      </g>
      <g
        filter="url(#sofGlow)"
        key="is3r;.O67b"
      >
        <circle
          cx={840.4}
          cy={98.80000000000001}
          fill="#000"
          filter="url(#sofGlow)"
          key="is3r;.O67b"
          name="Proident"
          r={5}
          tx={512}
          ty={384}
        />
        <line
          stroke="black"
          strokeWidth="3"
          x1={840.4}
          x2={512}
          y1={98.80000000000001}
          y2={384}
        />
      </g>
      <g
        filter="url(#sofGlow)"
        key="s6<Zd\\\\\\\\,B*"
      >
        <circle
          cx={569.4}
          cy={583.8}
          fill="#000"
          filter="url(#sofGlow)"
          key="s6<Zd\\\\\\\\,B*"
          name="Magna consequat"
          r={5}
          tx={512}
          ty={384}
        />
        <line
          stroke="black"
          strokeWidth="3"
          x1={569.4}
          x2={512}
          y1={583.8}
          y2={384}
        />
      </g>
      <g
        filter="url(#sofGlow)"
        key="\`bQA:khP9S"
      >
        <circle
          cx={731.4}
          cy={163.8}
          fill="#000"
          filter="url(#sofGlow)"
          key="\`bQA:khP9S"
          name="Adipisicing commodo velit"
          r={5}
          tx={512}
          ty={384}
        />
        <line
          stroke="black"
          strokeWidth="3"
          x1={731.4}
          x2={512}
          y1={163.8}
          y2={384}
        />
      </g>
      <g
        filter="url(#sofGlow)"
        key="hN7-?vbJ]6"
      >
        <circle
          cx={583.4}
          cy={269.8}
          fill="#000"
          filter="url(#sofGlow)"
          key="hN7-?vbJ]6"
          name="Deserunt sunt consequat reprehenderit"
          r={5}
          tx={512}
          ty={384}
        />
        <line
          stroke="black"
          strokeWidth="3"
          x1={583.4}
          x2={512}
          y1={269.8}
          y2={384}
        />
      </g>
    </svg>
  </div>
</Chart>
`;
